interactions:
- request:
    body: '{"dataSourceType": "SqlServer", "dataFeedName": "topnupafleefkdsaxoo7b5hx",
      "granularityName": "Daily", "metrics": [{"metricName": "cost"}, {"metricName":
      "revenue"}], "dimension": [{"dimensionName": "category"}, {"dimensionName":
      "city"}], "dataStartFrom": "2019-10-01T00:00:00.000Z", "startOffsetInSeconds":
      0, "maxConcurrency": -1, "minRetryIntervalInSeconds": -1, "stopRetryAfterInSeconds":
      -1, "dataSourceParameter": {"connectionString": "connectionstring", "query":
      "select\u202f*\u202ffrom\u202fadsample2\u202fwhere\u202fTimestamp\u202f=\u202f@StartTime"}}'
    headers:
      Accept:
      - application/json
      Accept-Encoding:
      - gzip, deflate
      Connection:
      - keep-alive
      Content-Length:
      - '779'
      Content-Type:
      - application/json
      User-Agent:
      - azsdk-python-ai-metricsadvisor/1.0.0b3 Python/3.8.6 (Windows-10-10.0.19041-SP0)
    method: POST
    uri: https://js-metrics-advisor.cognitiveservices.azure.com/metricsadvisor/v1.0/dataFeeds
  response:
    body:
      string: ''
    headers:
      apim-request-id:
      - ccfb2ee7-0bed-4c1f-8494-59f0d17d0931
      content-length:
      - '0'
      date:
      - Tue, 02 Feb 2021 21:58:58 GMT
      location:
      - https://js-metrics-advisor.cognitiveservices.azure.com/metricsadvisor/v1.0/dataFeeds/3f2815e9-0c7c-4242-b2be-a347ccb19152
      strict-transport-security:
      - max-age=31536000; includeSubDomains; preload
      x-content-type-options:
      - nosniff
      x-envoy-upstream-service-time:
      - '1416'
      x-request-id:
      - ccfb2ee7-0bed-4c1f-8494-59f0d17d0931
    status:
      code: 201
      message: Created
- request:
    body: null
    headers:
      Accept:
      - application/json
      Accept-Encoding:
      - gzip, deflate
      Connection:
      - keep-alive
      User-Agent:
      - azsdk-python-ai-metricsadvisor/1.0.0b3 Python/3.8.6 (Windows-10-10.0.19041-SP0)
    method: GET
    uri: https://js-metrics-advisor.cognitiveservices.azure.com/metricsadvisor/v1.0/dataFeeds/3f2815e9-0c7c-4242-b2be-a347ccb19152
  response:
    body:
      string: "{\"dataFeedId\":\"3f2815e9-0c7c-4242-b2be-a347ccb19152\",\"dataFeedName\":\"topnupafleefkdsaxoo7b5hx\",\"metrics\":[{\"metricId\":\"b002f349-988b-4257-9b40-2f95206b88c1\",\"metricName\":\"cost\",\"metricDisplayName\":\"cost\",\"metricDescription\":\"\"},{\"metricId\":\"45166fe5-57fe-403b-896a-7be123f54894\",\"metricName\":\"revenue\",\"metricDisplayName\":\"revenue\",\"metricDescription\":\"\"}],\"dimension\":[{\"dimensionName\":\"category\",\"dimensionDisplayName\":\"category\"},{\"dimensionName\":\"city\",\"dimensionDisplayName\":\"city\"}],\"dataStartFrom\":\"2019-10-01T00:00:00Z\",\"dataSourceType\":\"SqlServer\",\"timestampColumn\":\"\",\"startOffsetInSeconds\":0,\"maxQueryPerMinute\":30.0,\"granularityName\":\"Daily\",\"granularityAmount\":null,\"allUpIdentification\":null,\"needRollup\":\"NoRollup\",\"fillMissingPointType\":\"PreviousValue\",\"fillMissingPointValue\":0.0,\"rollUpMethod\":\"None\",\"rollUpColumns\":[],\"dataFeedDescription\":\"\",\"stopRetryAfterInSeconds\":-1,\"minRetryIntervalInSeconds\":-1,\"maxConcurrency\":-1,\"viewMode\":\"Private\",\"admins\":[\"krpratic@microsoft.com\"],\"viewers\":[],\"creator\":\"krpratic@microsoft.com\",\"status\":\"Active\",\"createdTime\":\"2021-02-02T21:58:58Z\",\"isAdmin\":true,\"actionLinkTemplate\":\"\",\"dataSourceParameter\":{\"connectionString\":\"connectionstring\",\"query\":\"select\u202F*\u202Ffrom\u202Fadsample2\u202Fwhere\u202FTimestamp\u202F=\u202F@StartTime\"}}"
    headers:
      apim-request-id:
      - 207e0435-1014-4573-b5b7-4bbae8172fdb
      content-length:
      - '1497'
      content-type:
      - application/json; charset=utf-8
      date:
      - Tue, 02 Feb 2021 21:58:58 GMT
      strict-transport-security:
      - max-age=31536000; includeSubDomains; preload
      x-content-type-options:
      - nosniff
      x-envoy-upstream-service-time:
      - '410'
      x-request-id:
      - 207e0435-1014-4573-b5b7-4bbae8172fdb
    status:
      code: 200
      message: OK
- request:
    body: '{"name": "topnupaqx3o5unqtjxtbio5x", "description": "testing", "metricId":
      "b002f349-988b-4257-9b40-2f95206b88c1", "wholeMetricConfiguration": {"smartDetectionCondition":
      {"sensitivity": 50.0, "anomalyDetectorDirection": "Both", "suppressCondition":
      {"minNumber": 50, "minRatio": 50.0}}}}'
    headers:
      Accept:
      - application/json
      Accept-Encoding:
      - gzip, deflate
      Connection:
      - keep-alive
      Content-Length:
      - '288'
      Content-Type:
      - application/json
      User-Agent:
      - azsdk-python-ai-metricsadvisor/1.0.0b3 Python/3.8.6 (Windows-10-10.0.19041-SP0)
    method: POST
    uri: https://js-metrics-advisor.cognitiveservices.azure.com/metricsadvisor/v1.0/enrichment/anomalyDetection/configurations
  response:
    body:
      string: ''
    headers:
      apim-request-id:
      - 186bed42-11a3-4ecb-9fd6-bb99e7e67c79
      content-length:
      - '0'
      date:
      - Tue, 02 Feb 2021 21:58:58 GMT
      location:
      - https://js-metrics-advisor.cognitiveservices.azure.com/metricsadvisor/v1.0/enrichment/anomalyDetection/configurations/d6221f80-70b4-4293-94eb-93ac79d4151d
      strict-transport-security:
      - max-age=31536000; includeSubDomains; preload
      x-content-type-options:
      - nosniff
      x-envoy-upstream-service-time:
      - '232'
      x-request-id:
      - 186bed42-11a3-4ecb-9fd6-bb99e7e67c79
    status:
      code: 201
      message: Created
- request:
    body: null
    headers:
      Accept:
      - application/json
      Accept-Encoding:
      - gzip, deflate
      Connection:
      - keep-alive
      User-Agent:
      - azsdk-python-ai-metricsadvisor/1.0.0b3 Python/3.8.6 (Windows-10-10.0.19041-SP0)
    method: GET
    uri: https://js-metrics-advisor.cognitiveservices.azure.com/metricsadvisor/v1.0/enrichment/anomalyDetection/configurations/d6221f80-70b4-4293-94eb-93ac79d4151d
  response:
    body:
      string: '{"anomalyDetectionConfigurationId":"d6221f80-70b4-4293-94eb-93ac79d4151d","name":"topnupaqx3o5unqtjxtbio5x","description":"testing","metricId":"b002f349-988b-4257-9b40-2f95206b88c1","wholeMetricConfiguration":{"smartDetectionCondition":{"sensitivity":50.0,"anomalyDetectorDirection":"Both","suppressCondition":{"minNumber":50,"minRatio":50.0}}},"dimensionGroupOverrideConfigurations":[],"seriesOverrideConfigurations":[]}'
    headers:
      apim-request-id:
      - d4bbba39-7fac-4edb-ab28-3a1790681f41
      content-length:
      - '421'
      content-type:
      - application/json; charset=utf-8
      date:
      - Tue, 02 Feb 2021 21:58:59 GMT
      strict-transport-security:
      - max-age=31536000; includeSubDomains; preload
      x-content-type-options:
      - nosniff
      x-envoy-upstream-service-time:
      - '261'
      x-request-id:
      - d4bbba39-7fac-4edb-ab28-3a1790681f41
    status:
      code: 200
      message: OK
- request:
    body: '{"name": "testalertd3ba183d", "hookIds": [], "metricAlertingConfigurations":
      [{"anomalyDetectionConfigurationId": "d6221f80-70b4-4293-94eb-93ac79d4151d",
      "anomalyScopeType": "TopN", "topNAnomalyScope": {"top": 5, "period": 10, "minTopCount":
      9}, "snoozeFilter": {"autoSnooze": 5, "snoozeScope": "Metric", "onlyForSuccessive":
      true}}]}'
    headers:
      Accept:
      - application/json
      Accept-Encoding:
      - gzip, deflate
      Connection:
      - keep-alive
      Content-Length:
      - '334'
      Content-Type:
      - application/json
      User-Agent:
      - azsdk-python-ai-metricsadvisor/1.0.0b3 Python/3.8.6 (Windows-10-10.0.19041-SP0)
    method: POST
    uri: https://js-metrics-advisor.cognitiveservices.azure.com/metricsadvisor/v1.0/alert/anomaly/configurations
  response:
    body:
      string: ''
    headers:
      apim-request-id:
      - 6e1dbb2b-1f2f-431c-8c46-363ab67e94a9
      content-length:
      - '0'
      date:
      - Tue, 02 Feb 2021 21:58:59 GMT
      location:
      - https://js-metrics-advisor.cognitiveservices.azure.com/metricsadvisor/v1.0/alert/anomaly/configurations/5c6bf84b-f5e0-47bc-bc94-8aa73b3e98a8
      strict-transport-security:
      - max-age=31536000; includeSubDomains; preload
      x-content-type-options:
      - nosniff
      x-envoy-upstream-service-time:
      - '374'
      x-request-id:
      - 6e1dbb2b-1f2f-431c-8c46-363ab67e94a9
    status:
      code: 201
      message: Created
- request:
    body: null
    headers:
      Accept:
      - application/json
      Accept-Encoding:
      - gzip, deflate
      Connection:
      - keep-alive
      User-Agent:
      - azsdk-python-ai-metricsadvisor/1.0.0b3 Python/3.8.6 (Windows-10-10.0.19041-SP0)
    method: GET
    uri: https://js-metrics-advisor.cognitiveservices.azure.com/metricsadvisor/v1.0/alert/anomaly/configurations/5c6bf84b-f5e0-47bc-bc94-8aa73b3e98a8
  response:
    body:
      string: '{"anomalyAlertingConfigurationId":"5c6bf84b-f5e0-47bc-bc94-8aa73b3e98a8","name":"testalertd3ba183d","description":"","hookIds":[],"metricAlertingConfigurations":[{"anomalyDetectionConfigurationId":"d6221f80-70b4-4293-94eb-93ac79d4151d","anomalyScopeType":"TopN","negationOperation":false,"topNAnomalyScope":{"top":5,"period":10,"minTopCount":9},"snoozeFilter":{"autoSnooze":5,"snoozeScope":"Metric","onlyForSuccessive":true}}]}'
    headers:
      apim-request-id:
      - eb347ca4-9b26-40f9-8854-96a791dad0af
      content-length:
      - '427'
      content-type:
      - application/json; charset=utf-8
      date:
      - Tue, 02 Feb 2021 21:59:01 GMT
      strict-transport-security:
      - max-age=31536000; includeSubDomains; preload
      x-content-type-options:
      - nosniff
      x-envoy-upstream-service-time:
      - '204'
      x-request-id:
      - eb347ca4-9b26-40f9-8854-96a791dad0af
    status:
      code: 200
      message: OK
- request:
    body: null
    headers:
      Accept:
      - application/json
      Accept-Encoding:
      - gzip, deflate
      Connection:
      - keep-alive
      Content-Length:
      - '0'
      User-Agent:
      - azsdk-python-ai-metricsadvisor/1.0.0b3 Python/3.8.6 (Windows-10-10.0.19041-SP0)
    method: DELETE
    uri: https://js-metrics-advisor.cognitiveservices.azure.com/metricsadvisor/v1.0/alert/anomaly/configurations/5c6bf84b-f5e0-47bc-bc94-8aa73b3e98a8
  response:
    body:
      string: ''
    headers:
      apim-request-id:
      - a764b844-af11-4435-b3f5-acc2cf3ba8cf
      content-length:
      - '0'
      date:
      - Tue, 02 Feb 2021 21:59:01 GMT
      strict-transport-security:
      - max-age=31536000; includeSubDomains; preload
      x-content-type-options:
      - nosniff
      x-envoy-upstream-service-time:
      - '247'
      x-request-id:
      - a764b844-af11-4435-b3f5-acc2cf3ba8cf
    status:
      code: 204
      message: No Content
- request:
    body: null
    headers:
      Accept:
      - application/json
      Accept-Encoding:
      - gzip, deflate
      Connection:
      - keep-alive
      User-Agent:
      - azsdk-python-ai-metricsadvisor/1.0.0b3 Python/3.8.6 (Windows-10-10.0.19041-SP0)
    method: GET
    uri: https://js-metrics-advisor.cognitiveservices.azure.com/metricsadvisor/v1.0/alert/anomaly/configurations/5c6bf84b-f5e0-47bc-bc94-8aa73b3e98a8
  response:
    body:
      string: '{"code":"Not Found","message":"Not found this AnomalyAlertingConfiguration.
        TraceId: 915df6bd-c53b-4789-8277-f2e464e1bdbb"}'
    headers:
      apim-request-id:
      - 92599685-4218-4425-85d5-5b88a8cde49b
      content-length:
      - '123'
      content-type:
      - application/json; charset=utf-8
      date:
      - Tue, 02 Feb 2021 21:59:01 GMT
      strict-transport-security:
      - max-age=31536000; includeSubDomains; preload
      x-content-type-options:
      - nosniff
      x-envoy-upstream-service-time:
      - '127'
      x-request-id:
      - 92599685-4218-4425-85d5-5b88a8cde49b
    status:
      code: 404
      message: Not Found
- request:
    body: null
    headers:
      Accept:
      - application/json
      Accept-Encoding:
      - gzip, deflate
      Connection:
      - keep-alive
      Content-Length:
      - '0'
      User-Agent:
      - azsdk-python-ai-metricsadvisor/1.0.0b3 Python/3.8.6 (Windows-10-10.0.19041-SP0)
    method: DELETE
    uri: https://js-metrics-advisor.cognitiveservices.azure.com/metricsadvisor/v1.0/enrichment/anomalyDetection/configurations/d6221f80-70b4-4293-94eb-93ac79d4151d
  response:
    body:
      string: ''
    headers:
      apim-request-id:
      - 5c5f3ced-27db-4292-b58f-d6217e52906c
      content-length:
      - '0'
      date:
      - Tue, 02 Feb 2021 21:59:01 GMT
      strict-transport-security:
      - max-age=31536000; includeSubDomains; preload
      x-content-type-options:
      - nosniff
      x-envoy-upstream-service-time:
      - '202'
      x-request-id:
      - 5c5f3ced-27db-4292-b58f-d6217e52906c
    status:
      code: 204
      message: No Content
- request:
    body: null
    headers:
      Accept:
      - application/json
      Accept-Encoding:
      - gzip, deflate
      Connection:
      - keep-alive
      Content-Length:
      - '0'
      User-Agent:
      - azsdk-python-ai-metricsadvisor/1.0.0b3 Python/3.8.6 (Windows-10-10.0.19041-SP0)
    method: DELETE
    uri: https://js-metrics-advisor.cognitiveservices.azure.com/metricsadvisor/v1.0/dataFeeds/3f2815e9-0c7c-4242-b2be-a347ccb19152
  response:
    body:
      string: ''
    headers:
      apim-request-id:
      - 75897ed9-c1f5-4264-946d-22fc3871eafe
      content-length:
      - '0'
      date:
      - Tue, 02 Feb 2021 21:59:02 GMT
      strict-transport-security:
      - max-age=31536000; includeSubDomains; preload
      x-content-type-options:
      - nosniff
      x-envoy-upstream-service-time:
      - '1057'
      x-request-id:
      - 75897ed9-c1f5-4264-946d-22fc3871eafe
    status:
      code: 204
      message: No Content
version: 1
