interactions:
- request:
    body: '{"dataSourceType": "SqlServer", "dataFeedName": "testfeedasync60a9218b",
      "dataFeedDescription": "my first data feed", "granularityName": "Custom", "granularityAmount":
      20, "metrics": [{"metricName": "cost", "metricDisplayName": "display cost",
      "metricDescription": "the cost"}, {"metricName": "revenue", "metricDisplayName":
      "display revenue", "metricDescription": "the revenue"}], "dimension": [{"dimensionName":
      "category", "dimensionDisplayName": "display category"}, {"dimensionName": "city",
      "dimensionDisplayName": "display city"}], "timestampColumn": "Timestamp", "dataStartFrom":
      "2019-10-01T00:00:00.000Z", "startOffsetInSeconds": -1, "maxConcurrency": 0,
      "minRetryIntervalInSeconds": -1, "stopRetryAfterInSeconds": -1, "needRollup":
      "AlreadyRollup", "rollUpMethod": "Sum", "allUpIdentification": "sumrollup",
      "fillMissingPointType": "CustomValue", "fillMissingPointValue": 10.0, "viewMode":
      "Private", "admins": ["yournamehere@microsoft.com"], "viewers": ["viewers"],
      "actionLinkTemplate": "action link template", "dataSourceParameter": {"connectionString":
      "connectionstring", "query": "select\u202f*\u202ffrom\u202fadsample2\u202fwhere\u202fTimestamp\u202f=\u202f@StartTime"}}'
    headers:
      Accept:
      - application/json
      Content-Length:
      - '1404'
      Content-Type:
      - application/json
      User-Agent:
      - azsdk-python-ai-metricsadvisor/1.0.0b3 Python/3.8.6 (Windows-10-10.0.19041-SP0)
    method: POST
    uri: https://js-metrics-advisor.cognitiveservices.azure.com/metricsadvisor/v1.0/dataFeeds
  response:
    body:
      string: ''
    headers:
      apim-request-id: d5f877e5-f927-4e23-aa94-90fc34b25b1f
      content-length: '0'
      date: Tue, 02 Feb 2021 22:18:26 GMT
      location: https://js-metrics-advisor.cognitiveservices.azure.com/metricsadvisor/v1.0/dataFeeds/0650ed3e-1b32-45e4-91a1-3853b6f53799
      strict-transport-security: max-age=31536000; includeSubDomains; preload
      x-content-type-options: nosniff
      x-envoy-upstream-service-time: '1391'
      x-request-id: d5f877e5-f927-4e23-aa94-90fc34b25b1f
    status:
      code: 201
      message: Created
    url: https://js-metrics-advisor.cognitiveservices.azure.com//metricsadvisor/v1.0/dataFeeds
- request:
    body: null
    headers:
      Accept:
      - application/json
      User-Agent:
      - azsdk-python-ai-metricsadvisor/1.0.0b3 Python/3.8.6 (Windows-10-10.0.19041-SP0)
    method: GET
    uri: https://js-metrics-advisor.cognitiveservices.azure.com/metricsadvisor/v1.0/dataFeeds/0650ed3e-1b32-45e4-91a1-3853b6f53799
  response:
    body:
      string: "{\"dataFeedId\":\"0650ed3e-1b32-45e4-91a1-3853b6f53799\",\"dataFeedName\":\"testfeedasync60a9218b\",\"metrics\":[{\"metricId\":\"5c0258d4-7c37-4164-93dc-26ce8c0768f5\",\"metricName\":\"cost\",\"metricDisplayName\":\"display
        cost\",\"metricDescription\":\"the cost\"},{\"metricId\":\"7d2ef356-c972-4947-87c0-62b284ef7cb7\",\"metricName\":\"revenue\",\"metricDisplayName\":\"display
        revenue\",\"metricDescription\":\"the revenue\"}],\"dimension\":[{\"dimensionName\":\"category\",\"dimensionDisplayName\":\"display
        category\"},{\"dimensionName\":\"city\",\"dimensionDisplayName\":\"display
        city\"}],\"dataStartFrom\":\"2019-10-01T00:00:00Z\",\"dataSourceType\":\"SqlServer\",\"timestampColumn\":\"Timestamp\",\"startOffsetInSeconds\":-1,\"maxQueryPerMinute\":30.0,\"granularityName\":\"Custom\",\"granularityAmount\":20,\"allUpIdentification\":\"sumrollup\",\"needRollup\":\"AlreadyRollup\",\"fillMissingPointType\":\"CustomValue\",\"fillMissingPointValue\":10.0,\"rollUpMethod\":\"Sum\",\"rollUpColumns\":[],\"dataFeedDescription\":\"my
        first data feed\",\"stopRetryAfterInSeconds\":-1,\"minRetryIntervalInSeconds\":-1,\"maxConcurrency\":0,\"viewMode\":\"Private\",\"admins\":[\"yournamehere@microsoft.com\",\"f850650c-1fcf-4489-b46f-71af2e30d360\"],\"viewers\":[\"viewers\"],\"creator\":\"f850650c-1fcf-4489-b46f-71af2e30d360\",\"status\":\"Active\",\"createdTime\":\"2021-02-02T22:18:26Z\",\"isAdmin\":true,\"actionLinkTemplate\":\"action
        link template\",\"dataSourceParameter\":{\"connectionString\":\"connectionstring\",\"query\":\"select\u202F*\u202Ffrom\u202Fadsample2\u202Fwhere\u202FTimestamp\u202F=\u202F@StartTime\"}}"
    headers:
      apim-request-id: 3e34ccec-6323-49cc-9bfd-ed783b54ad9a
      content-length: '1667'
      content-type: application/json; charset=utf-8
      date: Tue, 02 Feb 2021 22:18:26 GMT
      strict-transport-security: max-age=31536000; includeSubDomains; preload
      x-content-type-options: nosniff
      x-envoy-upstream-service-time: '260'
      x-request-id: 3e34ccec-6323-49cc-9bfd-ed783b54ad9a
    status:
      code: 200
      message: OK
    url: https://js-metrics-advisor.cognitiveservices.azure.com//metricsadvisor/v1.0/dataFeeds/0650ed3e-1b32-45e4-91a1-3853b6f53799
- request:
    body: null
    headers:
      Accept:
      - application/json
      User-Agent:
      - azsdk-python-ai-metricsadvisor/1.0.0b3 Python/3.8.6 (Windows-10-10.0.19041-SP0)
    method: DELETE
    uri: https://js-metrics-advisor.cognitiveservices.azure.com/metricsadvisor/v1.0/dataFeeds/0650ed3e-1b32-45e4-91a1-3853b6f53799
  response:
    body:
      string: ''
    headers:
      apim-request-id: 55a70ebe-6c77-4035-998d-dd76be279a83
      content-length: '0'
      date: Tue, 02 Feb 2021 22:18:27 GMT
      strict-transport-security: max-age=31536000; includeSubDomains; preload
      x-content-type-options: nosniff
      x-envoy-upstream-service-time: '1147'
      x-request-id: 55a70ebe-6c77-4035-998d-dd76be279a83
    status:
      code: 204
      message: No Content
    url: https://js-metrics-advisor.cognitiveservices.azure.com//metricsadvisor/v1.0/dataFeeds/0650ed3e-1b32-45e4-91a1-3853b6f53799
- request:
    body: null
    headers:
      Accept:
      - application/json
      User-Agent:
      - azsdk-python-ai-metricsadvisor/1.0.0b3 Python/3.8.6 (Windows-10-10.0.19041-SP0)
    method: GET
    uri: https://js-metrics-advisor.cognitiveservices.azure.com/metricsadvisor/v1.0/dataFeeds/0650ed3e-1b32-45e4-91a1-3853b6f53799
  response:
    body:
      string: '{"code":"ERROR_INVALID_PARAMETER","message":"datafeedId is invalid."}'
    headers:
      apim-request-id: e4449d46-9886-44c0-9c1d-6518a2ebe484
      content-length: '69'
      content-type: application/json; charset=utf-8
      date: Tue, 02 Feb 2021 22:18:27 GMT
      strict-transport-security: max-age=31536000; includeSubDomains; preload
      x-content-type-options: nosniff
      x-envoy-upstream-service-time: '18'
      x-request-id: e4449d46-9886-44c0-9c1d-6518a2ebe484
    status:
      code: 404
      message: Not Found
    url: https://js-metrics-advisor.cognitiveservices.azure.com//metricsadvisor/v1.0/dataFeeds/0650ed3e-1b32-45e4-91a1-3853b6f53799
version: 1
