interactions:
- request:
    body: '{"dataSourceType": "AzureApplicationInsights", "dataFeedName": "applicationinsightsasync40b81da5",
      "granularityName": "Daily", "metrics": [{"metricName": "cost"}, {"metricName":
      "revenue"}], "dimension": [{"dimensionName": "category"}, {"dimensionName":
      "city"}], "dataStartFrom": "2020-07-01T00:00:00.000Z", "startOffsetInSeconds":
      0, "maxConcurrency": -1, "minRetryIntervalInSeconds": -1, "stopRetryAfterInSeconds":
      -1, "dataSourceParameter": {"azureCloud": "Azure", "applicationId": "3706fe8b-98f1-47c7-bf69-b73b6e53274d",
      "apiKey": "connectionstring", "query": "let gran=60m; let starttime=datetime(@StartTime);
      let endtime=starttime + gran; requests | where timestamp >= starttime and timestamp
      < endtime | summarize request_count = count(), duration_avg_ms = avg(duration),
      duration_95th_ms = percentile(duration, 95), duration_max_ms = max(duration)
      by resultCode"}}'
    headers:
      Accept:
      - application/json
      Content-Length:
      - '897'
      Content-Type:
      - application/json
      User-Agent:
      - azsdk-python-ai-metricsadvisor/1.0.0b3 Python/3.8.6 (Windows-10-10.0.19041-SP0)
    method: POST
    uri: https://js-metrics-advisor.cognitiveservices.azure.com/metricsadvisor/v1.0/dataFeeds
  response:
    body:
      string: ''
    headers:
      apim-request-id: c712f833-36d4-42ae-9dfb-b22d8de09e57
      content-length: '0'
      date: Tue, 02 Feb 2021 22:18:29 GMT
      location: https://js-metrics-advisor.cognitiveservices.azure.com/metricsadvisor/v1.0/dataFeeds/d4beecf8-1348-4169-bde9-e3131bfa1dcf
      strict-transport-security: max-age=31536000; includeSubDomains; preload
      x-content-type-options: nosniff
      x-envoy-upstream-service-time: '1123'
      x-request-id: c712f833-36d4-42ae-9dfb-b22d8de09e57
    status:
      code: 201
      message: Created
    url: https://js-metrics-advisor.cognitiveservices.azure.com//metricsadvisor/v1.0/dataFeeds
- request:
    body: null
    headers:
      Accept:
      - application/json
      User-Agent:
      - azsdk-python-ai-metricsadvisor/1.0.0b3 Python/3.8.6 (Windows-10-10.0.19041-SP0)
    method: GET
    uri: https://js-metrics-advisor.cognitiveservices.azure.com/metricsadvisor/v1.0/dataFeeds/d4beecf8-1348-4169-bde9-e3131bfa1dcf
  response:
    body:
      string: '{"dataFeedId":"d4beecf8-1348-4169-bde9-e3131bfa1dcf","dataFeedName":"applicationinsightsasync40b81da5","metrics":[{"metricId":"a6a57645-efd1-4232-922e-3ba2daf0e698","metricName":"cost","metricDisplayName":"cost","metricDescription":""},{"metricId":"da969b06-7d59-462f-a6ab-77e34d364ee7","metricName":"revenue","metricDisplayName":"revenue","metricDescription":""}],"dimension":[{"dimensionName":"category","dimensionDisplayName":"category"},{"dimensionName":"city","dimensionDisplayName":"city"}],"dataStartFrom":"2020-07-01T00:00:00Z","dataSourceType":"AzureApplicationInsights","timestampColumn":"","startOffsetInSeconds":0,"maxQueryPerMinute":30.0,"granularityName":"Daily","granularityAmount":null,"allUpIdentification":null,"needRollup":"NoRollup","fillMissingPointType":"PreviousValue","fillMissingPointValue":0.0,"rollUpMethod":"None","rollUpColumns":[],"dataFeedDescription":"","stopRetryAfterInSeconds":-1,"minRetryIntervalInSeconds":-1,"maxConcurrency":-1,"viewMode":"Private","admins":["f850650c-1fcf-4489-b46f-71af2e30d360"],"viewers":[],"creator":"f850650c-1fcf-4489-b46f-71af2e30d360","status":"Active","createdTime":"2021-02-02T22:18:29Z","isAdmin":true,"actionLinkTemplate":"","dataSourceParameter":{"apiKey":"connectionstring","query":"let
        gran=60m; let starttime=datetime(@StartTime); let endtime=starttime + gran;
        requests | where timestamp >= starttime and timestamp < endtime | summarize
        request_count = count(), duration_avg_ms = avg(duration), duration_95th_ms
        = percentile(duration, 95), duration_max_ms = max(duration) by resultCode","azureCloud":"Azure","applicationId":"3706fe8b-98f1-47c7-bf69-b73b6e53274d"}}'
    headers:
      apim-request-id: 388ab494-c81f-4e0f-94b4-2496db5a9e69
      content-length: '1660'
      content-type: application/json; charset=utf-8
      date: Tue, 02 Feb 2021 22:18:30 GMT
      strict-transport-security: max-age=31536000; includeSubDomains; preload
      x-content-type-options: nosniff
      x-envoy-upstream-service-time: '228'
      x-request-id: 388ab494-c81f-4e0f-94b4-2496db5a9e69
    status:
      code: 200
      message: OK
    url: https://js-metrics-advisor.cognitiveservices.azure.com//metricsadvisor/v1.0/dataFeeds/d4beecf8-1348-4169-bde9-e3131bfa1dcf
- request:
    body: null
    headers:
      Accept:
      - application/json
      User-Agent:
      - azsdk-python-ai-metricsadvisor/1.0.0b3 Python/3.8.6 (Windows-10-10.0.19041-SP0)
    method: DELETE
    uri: https://js-metrics-advisor.cognitiveservices.azure.com/metricsadvisor/v1.0/dataFeeds/d4beecf8-1348-4169-bde9-e3131bfa1dcf
  response:
    body:
      string: ''
    headers:
      apim-request-id: 1754d125-984a-438e-8b47-390790c75d54
      content-length: '0'
      date: Tue, 02 Feb 2021 22:18:30 GMT
      strict-transport-security: max-age=31536000; includeSubDomains; preload
      x-content-type-options: nosniff
      x-envoy-upstream-service-time: '739'
      x-request-id: 1754d125-984a-438e-8b47-390790c75d54
    status:
      code: 204
      message: No Content
    url: https://js-metrics-advisor.cognitiveservices.azure.com//metricsadvisor/v1.0/dataFeeds/d4beecf8-1348-4169-bde9-e3131bfa1dcf
version: 1
